                                                                                                                                            
                                                                                                                                            
 Instances                                ╭───────────────────────────────╮╭───────────────────────────────╮╭───────────────────────────────
  ★ orchestrator  · worker  (model shown a│            Preview            ││             Diff              ││            Terminal           
                                          ├───────────────────────────────┴┘                               └┴───────────────────────────────
  1.  worker-1 [acct-1]                  ●│                                                                                                 
      Ꮧ-                                  │                                                                                                 
                                          │                                                                                                 
                                          │                                                                                                 
                                          │                                                                                                 
                                          │                                                                                                 
                                          │                                                                                                 
                                          │                                                                                                 
                                          │                                                                                                 
                                          │                                                                                                 
                                          │                                                                                                 
                                          │                                                                                                 
                                          │                                                                                                 
                                          │                                                                                                 
                                          │                                                                                                 
                                          │                                           No changes                                            
                                          │                                                                                                 
                                          │                                                                                                 
                                          │                                                                                                 
                                          │                                                                                                 
                                          │                                                                                                 
                                          │                                                                                                 
                                          │                                                                                                 
                                          │                                                                                                 
                                          │                                                                                                 
                                          │                                                                                                 
                                          │                                                                                                 
                                          │                                                                                                 
                                          │                                                                                                 
                                          │                                                                                                 
                                          │                                                                                                 
                                          │                                                                                                 
                                          └─────────────────────────────────────────────────────────────────────────────────────────────────
                          n new • x kill │ ↵ attach • p pause • shift+↑ scroll │ tab switch tab • ? help • q quit                           
                                                                                                                                            
