 Workflows             │                                      ╭────────────────────────╮╭────────────────────────╮╭────────────────────────╮
                       │                                      │        Preview         ││          Diff          ││        Terminal        │
   Sessions -          │ Instances                            │                        └┴────────────────────────┴┴────────────────────────┤
 inspect...            │                                      │                                                                            │
   Dispatch - send     │                                      │                                                                            │
 wo...                 │                                      │                                                                            │
   Review - triage     │                                      │                                                                            │
 co...                 │                                      │                                                                            │
   History - browse    │                                      │                                                                            │
 p...                  │                                      │                                                                            │
 › System - usage,     │                                      │                                                                            │
 lo...                 │                                      │                                                                            │
                       │                                      │                                                                            │
                       │                                      │                                                                            │
                       │                                      │                                                                            │
                       │                                      │                                                                            │
                       │   ╭────────────────────────────────────────────────────────────────────────────────────╮                          │
                       │   │                                                                                    │░                         │
                       │   │  Maestro Logs  (last 50 lines)                                                     │░                         │
                       │   │                                                                                    │░                         │
                       │   │    (no log file found)                                                             │░                         │
                       │   │  [l/Esc] close                                                                     │░                         │
                       │   │                                                                                    │░                         │
                       │   ╰────────────────────────────────────────────────────────────────────────────────────╯░                         │
                       │    ░░░░░░░░░░░░░░░░░░░░░░░░░░░░░░░░░░░░░░░░░░░░░░░░░░░░░░░░░░░░░░░░░░░░░░░░░░░░░░░░░░░░░░                         │
                       │                                      │                                                                            │
                       │                                      │                                                                            │
                       │                                      │                                                                            │
                       │                                      │                                                                            │
                       │                                      │                                                                            │
                       │                                      │                                                                            │
                       │                                      │                                                                            │
                       │                                      │                                                                            │
                       │                                      │                                                                            │
                       │                                      │                                                                            │
                       │                                      │                                                                            │
                       │                                      │                                                                            │
                       │                                      └────────────────────────────────────────────────────────────────────────────┘
n new  N prompt  / dispatch  ? system  q quit                                                                                               
                                                                                                                                            
