                                                                                                                                            
                                                                                                                                            
 Instances                                ╭───────────────────────────────╮╭───────────────────────────────╮╭───────────────────────────────
                                          │            Preview            ││             Diff              ││            Terminal           
                                          │                               └┴───────────────────────────────┴┴───────────────────────────────
                                          │                                                                                                 
                                          │                                                                                                 
                                          │                                                                                                 
                                          │                                                                                                 
                                          │                                                                                                 
                                          │                                                                                                 
                                          │                                                                                                 
                                          │                                                                                                 
                                          │                                                                                                 
                                          │                                                                                                 
                                          │                                                                                                 
                           ╭────────────────────────────────────────────────────────────────────────────────────╮                           
                           │                                                                                    │░                          
                           │  Maestro Logs  (last 50 lines)                                                     │░                          
                           │                                                                                    │░                          
                           │    (no log file found)                                                             │░                          
                           │  [l/Esc] close                                                                     │░                          
                           │                                                                                    │░                          
                           ╰────────────────────────────────────────────────────────────────────────────────────╯░                          
                            ░░░░░░░░░░░░░░░░░░░░░░░░░░░░░░░░░░░░░░░░░░░░░░░░░░░░░░░░░░░░░░░░░░░░░░░░░░░░░░░░░░░░░░                          
                                          │                                                                                                 
                                          │                                                                                                 
                                          │                                                                                                 
                                          │                                                                                                 
                                          │                                                                                                 
                                          │                                                                                                 
                                          │                                                                                                 
                                          │                                                                                                 
                                          │                                                                                                 
                                          │                                                                                                 
                                          │                                                                                                 
                                          │                                                                                                 
                                          └─────────────────────────────────────────────────────────────────────────────────────────────────
                                                n new • N new with prompt │ ? help • q quit                                                 
                                                                                                                                            
