                                                                                                                                            
                                                                                                                                            
 Instances                                ╭───────────────────────────────╮╭───────────────────────────────╮╭───────────────────────────────
                                          │            Preview            ││             Diff              ││            Terminal           
                                          │                               └┴───────────────────────────────┴┴───────────────────────────────
                                          │                                                                                                 
                                          │                                                                                                 
                           ╭────────────────────────────────────────────────────────────────────────────────────╮                           
                           │                                                                                    │░                          
                           │  Orchestration Panel                                                               │░                          
                           │                                                                                    │░                          
                           │  Workers:                                                                          │░                          
                           │    (registry unavailable)                                                          │░                          
                           │                                                                                    │░                          
                           │    (no tasks)                                                                      │░                          
                           │                                                                                    │░                          
                           │  Plan:                                                                             │░                          
                           │    (no plan.md found)                                                              │░                          
                           │                                                                                    │░                          
                           │  Usage:                                                                            │░                          
                           │    (run `maestro usage` to collect data)                                           │░                          
                           │                                                                                    │░                          
                           │  Waiting for first refresh                                                         │░                          
                           │  [o/Esc] close  [Tab] filter  [/] search  [j/k] navigate  [Enter] preview  [R]     │░                          
                           │  retry failed                                                                      │░                          
                           │                                                                                    │░                          
                           │                                                                                    │░                          
                           │                                                                                    │░                          
                           │                                                                                    │░                          
                           │                                                                                    │░                          
                           │                                                                                    │░                          
                           │                                                                                    │░                          
                           ╰────────────────────────────────────────────────────────────────────────────────────╯░                          
                            ░░░░░░░░░░░░░░░░░░░░░░░░░░░░░░░░░░░░░░░░░░░░░░░░░░░░░░░░░░░░░░░░░░░░░░░░░░░░░░░░░░░░░░                          
                                          │                                                                                                 
                                          │                                                                                                 
                                          │                                                                                                 
                                          └─────────────────────────────────────────────────────────────────────────────────────────────────
                                                n new • N new with prompt │ ? help • q quit                                                 
                                                                                                                                            
