 Workflows             │                                                       ╭────────────────────────╮╭────────────────────────╮╭────────
                       │                                                       │        Preview         ││          Diff          ││        
 › Sessions -          │ Instances                                             ├────────────────────────┴┴────────────────────────┴┘        
 inspect...            │  ★ orchestrator  · worker  (model shown after account)│                                                            
   Dispatch - send     │                                                       │                                                            
 wo...                 │  1.  worker-1                     ⏸                   │                                                            
   Review - triage     │      Ꮧ-feat/pause                                     │                                                            
 co...                 │                                                       │                                                            
   History - browse    │                                                       │                                                            
 p...                  │                                                       │                                                            
   System - usage,     │                                                       │                                                            
 lo...                 │                                                       │                                                            
                       │                                                       │                                                            
                       │                                                       │                                                            
                       │                                                       │                                                            
                       │                                                       │        ███╗░░░███╗░█████╗░███████╗░██████╗████████╗██████╗░
                       │                                                       │        ████╗░████║██╔══██╗██╔════╝██╔════╝╚══██╔══╝██╔══██╗
                       │                                                       │        ██╔████╔██║███████║█████╗░░╚█████╗░░░░██║░░░██████╔╝
                       │                                                       │        ██║╚██╔╝██║██╔══██║██╔══╝░░░╚═══██╗░░░██║░░░██╔══██╗
                       │                                                       │        ██║░╚═╝░██║██║░░██║███████╗██████╔╝░░░██║░░░██║░░██║
                       │                                                       │         ╚═╝░░░░░╚═╝╚═╝░░╚═╝╚══════╝╚═════╝░░░░╚═╝░░░╚═╝░░╚═
                       │                                                       │                                                            
                       │                                                       │                                                            
                       │                                                       │                 Session is paused. Resume to use terminal. 
                       │                                                       │                                                            
                       │                                                       │                                                            
                       │                                                       │                                                            
                       │                                                       │                                                            
                       │                                                       │                                                            
                       │                                                       │                                                            
                       │                                                       │                                                            
                       │                                                       │                                                            
                       │                                                       │                                                            
                       │                                                       │                                                            
                       │                                                       │                                                            
                       │                                                       │                                                            
                       │                                                       │                                                            
                       │                                                       └────────────────────────────────────────────────────────────
n new  N prompt  / dispatch  ? system  q quit                                                                                               
                                                                                                                                            
