                                                                                                                                            
                                                                                                                                            
 Instances                                ╭───────────────────────────────╮╭───────────────────────────────╮╭───────────────────────────────
  ★ orchestrator  · worker  (model shown a│            Preview            ││             Diff              ││            Terminal           
                                          ├───────────────────────────────┴┴───────────────────────────────┴┘                               
  1.  worker-1                           ⏸│                                                                                                 
      Ꮧ-feat/pause                        │                                                                                                 
                                          │                                                                                                 
                                          │                                                                                                 
                                          │                                                                                                 
                                          │                                                                                                 
                                          │                                                                                                 
                                          │                                                                                                 
                                          │                  ███╗░░░███╗░█████╗░███████╗░██████╗████████╗██████╗░░█████╗░                   
                                          │                  ████╗░████║██╔══██╗██╔════╝██╔════╝╚══██╔══╝██╔══██╗██╔══██╗                   
                                          │                  ██╔████╔██║███████║█████╗░░╚█████╗░░░░██║░░░██████╔╝██║░░██║                   
                                          │                  ██║╚██╔╝██║██╔══██║██╔══╝░░░╚═══██╗░░░██║░░░██╔══██╗██║░░██║                   
                                          │                  ██║░╚═╝░██║██║░░██║███████╗██████╔╝░░░██║░░░██║░░██║╚█████╔╝                   
                                          │                   ╚═╝░░░░░╚═╝╚═╝░░╚═╝╚══════╝╚═════╝░░░░╚═╝░░░╚═╝░░╚═╝░╚════╝                   
                                          │                                                                                                 
                                          │                                                                                                 
                                          │                           Session is paused. Resume to use terminal.                            
                                          │                                                                                                 
                                          │                                                                                                 
                                          │                                                                                                 
                                          │                                                                                                 
                                          │                                                                                                 
                                          │                                                                                                 
                                          │                                                                                                 
                                          │                                                                                                 
                                          │                                                                                                 
                                          │                                                                                                 
                                          │                                                                                                 
                                          │                                                                                                 
                                          │                                                                                                 
                                          │                                                                                                 
                                          │                                                                                                 
                                          └─────────────────────────────────────────────────────────────────────────────────────────────────
                                                n new • N new with prompt │ ? help • q quit                                                 
                                                                                                                                            
