                                                                                                                                            
                                                                                                                                            
 Instances                                ╭───────────────────────────────╮╭───────────────────────────────╮╭───────────────────────────────
  ★ orchestrator  · worker  (model shown a│            Preview            ││             Diff              ││            Terminal           
                                          │                               └┴───────────────────────────────┴┴───────────────────────────────
  1.  snapshot-flow          ╭────────────────────────────────────────────────────────────────────────────────╮                             
      Ꮧ-                     │                                                                                │░                            
                             │  Profile                                                                       │░                            
                             │                                                                                │░                            
                             │   claude                                                                       │░                            
                             │                                                                                │░                            
                             │  ──────────────────────────────────────────────────────────────────────────    │░                            
                             │                                                                                │░                            
                             │  Enter prompt                                                                  │░                            
                             │                                                                                │░                            
                             │                                                                                │░                            
                             │                                                                                │░                            
                             │                                                                                │░                            
                             │                                                                                │░                            
                             │  ──────────────────────────────────────────────────────────────────────────    │░                            
                             │                                                                                │░                            
                             │  Branch                                                                        │░                            
                             │                                                                                │░                            
                             │    New branch (from HEAD)                                                      │░                            
                             │    main                                                                        │░                            
                             │                                                                                │░                            
                             │  ──────────────────────────────────────────────────────────────────────────    │░                            
                             │                                                                                │░                            
                             │   Enter                                                                        │░                            
                             │                                                                                │░                            
                             │  ──────────────────────────────────────────────────────────────────────────    │░                            
                             │                                                                                │░                            
                             │  [Tab] next  [Shift+Tab] previous  [Esc] cancel  [Enter] newline               │░                            
                             │                                                                                │░                            
                             ╰────────────────────────────────────────────────────────────────────────────────╯░                            
                              ░░░░░░░░░░░░░░░░░░░░░░░░░░░░░░░░░░░░░░░░░░░░░░░░░░░░░░░░░░░░░░░░░░░░░░░░░░░░░░░░░░                            
                                          │                                                                                                 
                                          └─────────────────────────────────────────────────────────────────────────────────────────────────
                                                             enter submit name                                                              
                                                                                                                                            
