 Workflows             │                                                       ╭────────────────────────╮╭────────────────────────╮╭────────
                       │                                                       │        Preview         ││          Diff          ││        
 › Sessions -          │ Instances                                             │                        └┴────────────────────────┴┴────────
 inspect...            │  ★ orchestrator  · worker  (model shown after account)│                                                            
   Dispatch - send     │                                                       │                                                            
 wo...                 │  1. ╭────────────────────────────────────────────────────────────────────────────────╮                             
   Review - triage     │     │                                                                                │░                            
 co...                 │     │  Profile                                                                       │░                            
   History - browse    │     │                                                                                │░                            
 p...                  │     │   claude                                                                       │░                            
   System - usage,     │     │                                                                                │░                            
 lo...                 │     │  ──────────────────────────────────────────────────────────────────────────    │░                            
                       │     │                                                                                │░                            
                       │     │  Enter prompt                                                                  │░                            
                       │     │                                                                                │░                            
                       │     │                                                                                │░                            
                       │     │                                                                                │░                            
                       │     │                                                                                │░                            
                       │     │                                                                                │░                            
                       │     │  ──────────────────────────────────────────────────────────────────────────    │░                            
                       │     │                                                                                │░                            
                       │     │  Branch                                                                        │░                            
                       │     │                                                                                │░                            
                       │     │    New branch (from HEAD)                                                      │░                            
                       │     │    main                                                                        │░                            
                       │     │                                                                                │░                            
                       │     │  ──────────────────────────────────────────────────────────────────────────    │░                            
                       │     │                                                                                │░                            
                       │     │   Enter                                                                        │░                            
                       │     │                                                                                │░                            
                       │     │  ──────────────────────────────────────────────────────────────────────────    │░                            
                       │     │                                                                                │░                            
                       │     │  [Tab] next  [Shift+Tab] previous  [Esc] cancel  [Enter] newline               │░                            
                       │     │                                                                                │░                            
                       │     ╰────────────────────────────────────────────────────────────────────────────────╯░                            
                       │      ░░░░░░░░░░░░░░░░░░░░░░░░░░░░░░░░░░░░░░░░░░░░░░░░░░░░░░░░░░░░░░░░░░░░░░░░░░░░░░░░░░                            
                       │                                                       │                                                            
                       │                                                       └────────────────────────────────────────────────────────────
Enter submit                                                                                                                                
                                                                                                                                            
