                                                                                                                                            
                                                                                                                                            
 Instances                                ╭───────────────────────────────╮╭───────────────────────────────╮╭───────────────────────────────
                                          │            Preview            ││             Diff              ││            Terminal           
                                          │                               └┴───────────────────────────────┴┴───────────────────────────────
                                          │                                                                                                 
                                          │                                                                                                 
                                          │                                                                                                 
                                          │                                                                                                 
                                          │                                                                                                 
                             ╭────────────────────────────────────────────────────────────────────────────────╮                             
                             │                                                                                │░                            
                             │  Quick Dispatch                                                                │░                            
                             │                                                                                │░                            
                             │    Worker: (no workers available)                                              │░                            
                             │                                                                                │░                            
                             │    Task:   Type task description...█                                           │░                            
                             │                                                                                │░                            
                             │    [Enter] dispatch  [Esc] cancel                                              │░                            
                             │                                                                                │░                            
                             │    No workers available. Press Esc, then 'n' to create an instance or 'o' for  │░                            
                             │  status.                                                                       │░                            
                             │                                                                                │░                            
                             │                                                                                │░                            
                             │                                                                                │░                            
                             │                                                                                │░                            
                             │                                                                                │░                            
                             │                                                                                │░                            
                             │                                                                                │░                            
                             ╰────────────────────────────────────────────────────────────────────────────────╯░                            
                              ░░░░░░░░░░░░░░░░░░░░░░░░░░░░░░░░░░░░░░░░░░░░░░░░░░░░░░░░░░░░░░░░░░░░░░░░░░░░░░░░░░                            
                                          │                                                                                                 
                                          │                                                                                                 
                                          │                                                                                                 
                                          │                                                                                                 
                                          │                                                                                                 
                                          │                                                                                                 
                                                n new • N new with prompt │ ? help • q quit                                                 
[?] help                                                                                                                                    
                                                                                                                                            
