                                                                                                                                            
                                                                                                                                            
 Instances                                ╭───────────────────────────────╮╭───────────────────────────────╮╭───────────────────────────────
  ★ orchestrator  · worker  (model shown a│            Preview            ││             Diff              ││            Terminal           
                                          │                               └┴───────────────────────────────┴┴───────────────────────────────
  1.  worker-1 [acct-1]                  ●│                                                                                                 
      Ꮧ-                                  │                                                                                                 
                                          │                                                                                                 
                                          │                                                                                                 
                                          │                                                                                                 
                             ╭────────────────────────────────────────────────────────────────────────────────╮                             
                             │                                                                                │░                            
                             │  Quick Dispatch                                                                │░                            
                             │                                                                                │░                            
                             │    Worker: [worker-1]  ← / → to change                                         │░                            
                             │                                                                                │░                            
                             │    Task:   run audit█                                                          │░                            
                             │                                                                                │░                            
                             │    [Enter] dispatch  [Esc] cancel                                              │░                            
                             │                                                                                │░                            
                             │                                                                                │░                            
                             │                                                                                │░                            
                             │                                                                                │░                            
                             │                                                                                │░                            
                             │                                                                                │░                            
                             │                                                                                │░                            
                             │                                                                                │░                            
                             │                                                                                │░                            
                             │                                                                                │░                            
                             ╰────────────────────────────────────────────────────────────────────────────────╯░                            
                              ░░░░░░░░░░░░░░░░░░░░░░░░░░░░░░░░░░░░░░░░░░░░░░░░░░░░░░░░░░░░░░░░░░░░░░░░░░░░░░░░░░                            
                                          │                                                                                                 
                                          │                                                                                                 
                                          │                                                                                                 
                                          │                                                                                                 
                                          │                                                                                                 
                                          │                                                                                                 
                                                n new • N new with prompt │ ? help • q quit                                                 
[?] help                                                                                                                                    
                                                                                                                                            
