                                                                                                                                            
                                                                                                                                            
 Instances                                ╭───────────────────────────────╮╭───────────────────────────────╮╭───────────────────────────────
                                          │            Preview            ││             Diff              ││            Terminal           
                                          │                               └┴───────────────────────────────┴┴───────────────────────────────
                                          │                                                                                                 
                                          │                                                                                                 
                             ╭────────────────────────────────────────────────────────────────────────────────╮                             
                             │                                                                                │░                            
                             │  Review: worker-1                                                              │░                            
                             │                                                                                │░                            
                             │    Branch: feat/ui-audit → main                                                │░                            
                             │                                                                                │░                            
                             │    [a]pprove (merge)  [e]dit (re-dispatch)  [s]kip                             │░                            
                             │                                                                                │░                            
                             │    [Esc] exit review                                                           │░                            
                             │                                                                                │░                            
                             │                                                                                │░                            
                             │                                                                                │░                            
                             │                                                                                │░                            
                             │                                                                                │░                            
                             │                                                                                │░                            
                             │                                                                                │░                            
                             │                                                                                │░                            
                             │                                                                                │░                            
                             │                                                                                │░                            
                             │                                                                                │░                            
                             │                                                                                │░                            
                             │                                                                                │░                            
                             │                                                                                │░                            
                             │                                                                                │░                            
                             │                                                                                │░                            
                             ╰────────────────────────────────────────────────────────────────────────────────╯░                            
                              ░░░░░░░░░░░░░░░░░░░░░░░░░░░░░░░░░░░░░░░░░░░░░░░░░░░░░░░░░░░░░░░░░░░░░░░░░░░░░░░░░░                            
                                          │                                                                                                 
                                          │                                                                                                 
                                          │                                                                                                 
                                          └─────────────────────────────────────────────────────────────────────────────────────────────────
                                                n new • N new with prompt │ ? help • q quit                                                 
                                                                                                                                            
