 Workflows             │                                      ╭────────────────────────╮╭────────────────────────╮╭────────────────────────╮
                       │                                      │        Preview         ││          Diff          ││        Terminal        │
 › Sessions -          │ Instances                            │                        └┴────────────────────────┴┴────────────────────────┤
 inspect...            │                                      │                                                                            │
   Dispatch - send     │                                      │                                                                            │
 wo...                 │                                      │                                                                            │
   Review - triage     │                                      │                                                                            │
 co...                 │     ╭────────────────────────────────────────────────────────────────────────────────╮                            │
   History - browse    │     │                                                                                │░                           │
 p...                  │     │  Review: worker-1                                                              │░                           │
   System - usage,     │     │                                                                                │░                           │
 lo...                 │     │    Branch: feat/ui-audit → main                                                │░                           │
                       │     │                                                                                │░                           │
                       │     │    [a]pprove (merge)  [e]dit (re-dispatch)  [s]kip                             │░                           │
                       │     │                                                                                │░                           │
                       │     │    [Esc] exit review                                                           │░                           │
                       │     │                                                                                │░                           │
                       │     │                                                                                │░                           │
                       │     │                                                                                │░                           │
                       │     │                                                                                │░                           │
                       │     │                                                                                │░                           │
                       │     │                                                                                │░                           │
                       │     │                                                                                │░                           │
                       │     │                                                                                │░                           │
                       │     │                                                                                │░                           │
                       │     │                                                                                │░                           │
                       │     │                                                                                │░                           │
                       │     │                                                                                │░                           │
                       │     │                                                                                │░                           │
                       │     │                                                                                │░                           │
                       │     │                                                                                │░                           │
                       │     │                                                                                │░                           │
                       │     ╰────────────────────────────────────────────────────────────────────────────────╯░                           │
                       │      ░░░░░░░░░░░░░░░░░░░░░░░░░░░░░░░░░░░░░░░░░░░░░░░░░░░░░░░░░░░░░░░░░░░░░░░░░░░░░░░░░░                           │
                       │                                      │                                                                            │
                       │                                      │                                                                            │
                       │                                      │                                                                            │
                       │                                      └────────────────────────────────────────────────────────────────────────────┘
n new  N prompt  / dispatch  ? system  q quit                                                                                               
                                                                                                                                            
